ares_cancel
ares_create_query
ares_destroy
ares_destroy_options
ares_dns_class_fromstr
ares_dns_class_tostr
ares_dns_opcode_tostr
ares_dns_parse
ares_dns_rcode_tostr
ares_dns_record_create
ares_dns_record_destroy
ares_dns_record_duplicate
ares_dns_record_get_flags
ares_dns_record_get_id
ares_dns_record_get_opcode
ares_dns_record_get_rcode
ares_dns_record_query_add
ares_dns_record_query_cnt
ares_dns_record_query_get
ares_dns_record_query_set_name
ares_dns_record_query_set_type
ares_dns_record_rr_add
ares_dns_record_rr_cnt
ares_dns_record_rr_del
ares_dns_record_rr_get
ares_dns_record_rr_get_const
ares_dns_record_set_id
ares_dns_rec_type_fromstr
ares_dns_rec_type_tostr
ares_dns_rr_del_opt_byid
ares_dns_rr_get_abin
ares_dns_rr_get_abin_cnt
ares_dns_rr_get_addr
ares_dns_rr_get_addr6
ares_dns_rr_get_bin
ares_dns_rr_get_class
ares_dns_rr_get_keys
ares_dns_rr_get_name
ares_dns_rr_get_opt
ares_dns_rr_get_opt_byid
ares_dns_rr_get_opt_cnt
ares_dns_rr_get_str
ares_dns_rr_get_ttl
ares_dns_rr_get_type
ares_dns_rr_get_u16
ares_dns_rr_get_u32
ares_dns_rr_get_u8
ares_dns_rr_key_datatype
ares_dns_rr_key_to_rec_type
ares_dns_rr_key_tostr
ares_dns_rr_set_addr
ares_dns_rr_set_addr6
ares_dns_rr_set_bin
ares_dns_rr_set_opt
ares_dns_rr_set_str
ares_dns_rr_set_u16
ares_dns_rr_set_u32
ares_dns_rr_set_u8
ares_dns_section_tostr
ares_dns_write
ares_dup
ares_expand_name
ares_expand_string
ares_fds
ares_free
ares_freeaddrinfo
ares_free_data
ares_free_hostent
ares_free_string
ares_getaddrinfo
ares_gethostbyaddr
ares_gethostbyname
ares_gethostbyname_file
ares_getnameinfo
ares_get_servers
ares_get_servers_csv
ares_get_servers_ports
ares_getsock
ares_inet_ntop
ares_inet_pton
ares_init
ares_init_options
ares_library_cleanup
ares_library_init
ares_library_initialized
ares_mkquery
ares_parse_aaaa_reply
ares_parse_a_reply
ares_parse_caa_reply
ares_parse_mx_reply
ares_parse_naptr_reply
ares_parse_ns_reply
ares_parse_ptr_reply
ares_parse_soa_reply
ares_parse_srv_reply
ares_parse_txt_reply
ares_parse_txt_reply_ext
ares_parse_uri_reply
ares_process
ares_process_fd
ares_query
ares_query_dnsrec
ares_queue_active_queries
ares_queue_wait_empty
ares_reinit
ares_save_options
ares_search
ares_search_dnsrec
ares_send
ares_set_local_dev
ares_set_local_ip4
ares_set_local_ip6
ares_set_servers
ares_set_servers_csv
ares_set_servers_ports
ares_set_servers_ports_csv
ares_set_server_state_callback
ares_set_socket_callback
ares_set_socket_configure_callback
ares_set_socket_functions
ares_set_socket_functions_ex
ares_set_sortlist
ares_strerror
ares_threadsafety
ares_timeout
ares_version
